// Jest Snapshot v1, https://goo.gl/fbAQLP

exports[`Render calender 1`] = `
<div>
  <div
    class="custom-calender-class test-case-calender"
  >
    <div
      class="row border"
    >
      <div
        class="col-12 text-center border-bottom fs-3"
      >
        January
         
        2023
      </div>
      <div
        class="row gx-0"
      >
        <div
          class="text-center bg-dark text-white col border fw-bold"
        >
          Su
        </div>
        <div
          class="text-center bg-dark text-white col border fw-bold"
        >
          Mo
        </div>
        <div
          class="text-center bg-dark text-white col border fw-bold"
        >
          Tu
        </div>
        <div
          class="text-center bg-dark text-white col border fw-bold"
        >
          We
        </div>
        <div
          class="text-center bg-dark text-white col border fw-bold"
        >
          Th
        </div>
        <div
          class="text-center bg-dark text-white col border fw-bold"
        >
          Fr
        </div>
        <div
          class="text-center bg-dark text-white col border fw-bold"
        >
          Sa
        </div>
      </div>
      <div
        class="row gx-0"
      >
         
        <div
          class="text-center col border bg-primary text-white"
        >
          1
        </div>
        <div
          class="text-center col border"
        >
          2
        </div>
        <div
          class="text-center col border"
        >
          3
        </div>
        <div
          class="text-center col border"
        >
          4
        </div>
        <div
          class="text-center col border"
        >
          5
        </div>
        <div
          class="text-center col border"
        >
          6
        </div>
        <div
          class="text-center col border"
        >
          7
        </div>
      </div>
      <div
        class="row gx-0"
      >
         
        <div
          class="text-center col border"
        >
          8
        </div>
        <div
          class="text-center col border"
        >
          9
        </div>
        <div
          class="text-center col border"
        >
          10
        </div>
        <div
          class="text-center col border"
        >
          11
        </div>
        <div
          class="text-center col border"
        >
          12
        </div>
        <div
          class="text-center col border"
        >
          13
        </div>
        <div
          class="text-center col border"
        >
          14
        </div>
      </div>
      <div
        class="row gx-0"
      >
         
        <div
          class="text-center col border"
        >
          15
        </div>
        <div
          class="text-center col border"
        >
          16
        </div>
        <div
          class="text-center col border"
        >
          17
        </div>
        <div
          class="text-center col border"
        >
          18
        </div>
        <div
          class="text-center col border"
        >
          19
        </div>
        <div
          class="text-center col border"
        >
          20
        </div>
        <div
          class="text-center col border"
        >
          21
        </div>
      </div>
      <div
        class="row gx-0"
      >
         
        <div
          class="text-center col border"
        >
          22
        </div>
        <div
          class="text-center col border"
        >
          23
        </div>
        <div
          class="text-center col border"
        >
          24
        </div>
        <div
          class="text-center col border"
        >
          25
        </div>
        <div
          class="text-center col border"
        >
          26
        </div>
        <div
          class="text-center col border"
        >
          27
        </div>
        <div
          class="text-center col border"
        >
          28
        </div>
      </div>
      <div
        class="row gx-0"
      >
         
        <div
          class="text-center col border"
        >
          29
        </div>
        <div
          class="text-center col border"
        >
          30
        </div>
        <div
          class="text-center col border"
        >
          31
        </div>
        <div
          class="text-center col border bg-light text-white"
        >
          1
        </div>
        <div
          class="text-center col border bg-light text-white"
        >
          2
        </div>
        <div
          class="text-center col border bg-light text-white"
        >
          3
        </div>
        <div
          class="text-center col border bg-light text-white"
        >
          4
        </div>
      </div>
      <div
        class="row gx-0"
      >
         
        <div
          class="text-center col border bg-light text-white"
        >
          5
        </div>
        <div
          class="text-center col border bg-light text-white"
        >
          6
        </div>
        <div
          class="text-center col border bg-light text-white"
        >
          7
        </div>
        <div
          class="text-center col border bg-light text-white"
        >
          8
        </div>
        <div
          class="text-center col border bg-light text-white"
        >
          9
        </div>
        <div
          class="text-center col border bg-light text-white"
        >
          10
        </div>
        <div
          class="text-center col border bg-light text-white"
        >
          11
        </div>
      </div>
    </div>
  </div>
</div>
`;
